src.go:3:12: Mixed: struct of size 24 could be 16, saving 8 bytes (33.33% smaller)
  current                      │ proposed
  ─────────────────────────────┼─────────────────────────────
  type Mixed struct {          │ type Mixed struct {         
                               │     B int64                 
      A bool                   │     A bool                  
      B int64                  │                             
      C bool                   │     C bool                  
  }                            │ }                           

