{
  "version": "v0.7.0-test",
  "mode": "inspect",
  "layouts": [
    {
      "package": "sample",
      "name": "Tagged",
      "size": 48,
      "align": 8,
      "padding": 18,
      "fields": [
        {
          "name": "Flag",
          "type": "bool",
          "tag": "json:\"flag\"",
          "offset": 0,
          "size": 1,
          "align": 1,
          "padding": 7
        },
        {
          "name": "ID",
          "type": "string",
          "tag": "json:\"id\" db:\"id\"",
          "offset": 8,
          "size": 16,
          "align": 8,
          "padding": 0
        },
        {
          "name": "Count",
          "type": "uint32",
          "tag": "json:\"count\"",
          "offset": 24,
          "size": 4,
          "align": 4,
          "padding": 4
        },
        {
          "name": "Ptr",
          "type": "*uint64",
          "offset": 32,
          "size": 8,
          "align": 8,
          "padding": 0
        },
        {
          "name": "Enabled",
          "type": "bool",
          "tag": "json:\"enabled\"",
          "offset": 40,
          "size": 1,
          "align": 1,
          "padding": 7
        }
      ]
    }
  ]
}
