_example/types.go:6:12: Mixed: struct of size 24 could be 16
  current                      │ proposed
  ─────────────────────────────┼─────────────────────────────
  struct {                     │ struct {                    
                               │     B int64                 
      A bool                   │     A bool                  
      B int64                  │                             
      C bool                   │     C bool                  
  }                            │ }                           

